2026-06-09 14:02:07,400 [INFO] PRE-MARKET SCAN starting...
2026-06-09 14:02:12,429 [ERROR] HTTP Error 404: {"quoteSummary":{"result":null,"error":{"code":"Not Found","description":"Quote not found for symbol: NKLA"}}}
2026-06-09 14:02:12,748 [ERROR] $NKLA: possibly delisted; no price data found  (period=1y) (Yahoo error = "No data found, symbol may be delisted")
2026-06-09 14:02:12,757 [ERROR] 
1 Failed download:
2026-06-09 14:02:12,758 [ERROR] ['NKLA']: possibly delisted; no price data found  (period=1y) (Yahoo error = "No data found, symbol may be delisted")
2026-06-09 14:02:13,616 [ERROR] HTTP Error 404: {"quoteSummary":{"result":null,"error":{"code":"Not Found","description":"Quote not found for symbol: GOEV"}}}
2026-06-09 14:02:13,979 [ERROR] $GOEV: possibly delisted; no price data found  (period=1y) (Yahoo error = "No data found, symbol may be delisted")
2026-06-09 14:02:13,986 [ERROR] 
1 Failed download:
2026-06-09 14:02:13,986 [ERROR] ['GOEV']: possibly delisted; no price data found  (period=1y) (Yahoo error = "No data found, symbol may be delisted")
2026-06-09 14:02:14,845 [ERROR] $WISH: possibly delisted; no price data found  (period=1y) (Yahoo error = "No data found, symbol may be delisted")
2026-06-09 14:02:14,847 [ERROR] 
1 Failed download:
2026-06-09 14:02:14,847 [ERROR] ['WISH']: possibly delisted; no price data found  (period=1y) (Yahoo error = "No data found, symbol may be delisted")
2026-06-09 14:02:16,465 [ERROR] $APHA: possibly delisted; no price data found  (period=1y) (Yahoo error = "No data found, symbol may be delisted")
2026-06-09 14:02:16,466 [ERROR] 
1 Failed download:
2026-06-09 14:02:16,466 [ERROR] ['APHA']: possibly delisted; no price data found  (period=1y) (Yahoo error = "No data found, symbol may be delisted")
2026-06-09 14:02:17,054 [ERROR] $HEXO: possibly delisted; no price data found  (period=1y) (Yahoo error = "No data found, symbol may be delisted")
2026-06-09 14:02:17,059 [ERROR] 
1 Failed download:
2026-06-09 14:02:17,059 [ERROR] ['HEXO']: possibly delisted; no price data found  (period=1y) (Yahoo error = "No data found, symbol may be delisted")
2026-06-09 14:02:21,600 [ERROR] $EXPR: possibly delisted; no price data found  (period=1y) (Yahoo error = "No data found, symbol may be delisted")
2026-06-09 14:02:21,606 [ERROR] 
1 Failed download:
2026-06-09 14:02:21,606 [ERROR] ['EXPR']: possibly delisted; no price data found  (period=1y) (Yahoo error = "No data found, symbol may be delisted")
2026-06-09 14:02:22,527 [ERROR] $NAKD: possibly delisted; no price data found  (period=1y) (Yahoo error = "No data found, symbol may be delisted")
2026-06-09 14:02:22,528 [ERROR] 
1 Failed download:
2026-06-09 14:02:22,528 [ERROR] ['NAKD']: possibly delisted; no price data found  (period=1y) (Yahoo error = "No data found, symbol may be delisted")
2026-06-09 14:02:24,320 [ERROR] $RIDE: possibly delisted; no price data found  (period=1y) (Yahoo error = "No data found, symbol may be delisted")
2026-06-09 14:02:24,326 [ERROR] 
1 Failed download:
2026-06-09 14:02:24,326 [ERROR] ['RIDE']: possibly delisted; no price data found  (period=1y) (Yahoo error = "No data found, symbol may be delisted")
2026-06-09 14:02:24,926 [ERROR] $XL: possibly delisted; no price data found  (period=1y) (Yahoo error = "No data found, symbol may be delisted")
2026-06-09 14:02:24,929 [ERROR] 
1 Failed download:
2026-06-09 14:02:24,930 [ERROR] ['XL']: possibly delisted; no price data found  (period=1y) (Yahoo error = "No data found, symbol may be delisted")
2026-06-09 14:02:25,493 [ERROR] $FSR: possibly delisted; no price data found  (period=1y) (Yahoo error = "No data found, symbol may be delisted")
2026-06-09 14:02:25,502 [ERROR] 
1 Failed download:
2026-06-09 14:02:25,502 [ERROR] ['FSR']: possibly delisted; no price data found  (period=1y) (Yahoo error = "No data found, symbol may be delisted")
2026-06-09 14:02:26,603 [ERROR] $ARVL: possibly delisted; no price data found  (period=1y) (Yahoo error = "No data found, symbol may be delisted")
2026-06-09 14:02:26,613 [ERROR] 
1 Failed download:
2026-06-09 14:02:26,614 [ERROR] ['ARVL']: possibly delisted; no price data found  (period=1y) (Yahoo error = "No data found, symbol may be delisted")
2026-06-09 14:02:27,363 [ERROR] $SOLO: possibly delisted; no price data found  (period=1y) (Yahoo error = "No data found, symbol may be delisted")
2026-06-09 14:02:27,365 [ERROR] 
1 Failed download:
2026-06-09 14:02:27,365 [ERROR] ['SOLO']: possibly delisted; no price data found  (period=1y) (Yahoo error = "No data found, symbol may be delisted")
2026-06-09 14:02:28,225 [ERROR] $AYRO: possibly delisted; no price data found  (period=1y) (Yahoo error = "No data found, symbol may be delisted")
2026-06-09 14:02:28,232 [ERROR] 
1 Failed download:
2026-06-09 14:02:28,232 [ERROR] ['AYRO']: possibly delisted; no price data found  (period=1y) (Yahoo error = "No data found, symbol may be delisted")
2026-06-09 14:02:28,794 [ERROR] $PTRA: possibly delisted; no price data found  (period=1y) (Yahoo error = "No data found, symbol may be delisted")
2026-06-09 14:02:28,796 [ERROR] 
1 Failed download:
2026-06-09 14:02:28,796 [ERROR] ['PTRA']: possibly delisted; no price data found  (period=1y) (Yahoo error = "No data found, symbol may be delisted")
2026-06-09 14:02:30,153 [ERROR] $SAVA: possibly delisted; no price data found  (period=1y) (Yahoo error = "No data found, symbol may be delisted")
2026-06-09 14:02:30,159 [ERROR] 
1 Failed download:
2026-06-09 14:02:30,159 [ERROR] ['SAVA']: possibly delisted; no price data found  (period=1y) (Yahoo error = "No data found, symbol may be delisted")
2026-06-09 14:02:31,009 [ERROR] $SRNE: possibly delisted; no price data found  (period=1d)
2026-06-09 14:02:31,015 [ERROR] 
1 Failed download:
2026-06-09 14:02:31,015 [ERROR] ['SRNE']: possibly delisted; no price data found  (period=1d)
2026-06-09 14:02:31,889 [ERROR] $VERB: possibly delisted; no price data found  (period=1y) (Yahoo error = "No data found, symbol may be delisted")
2026-06-09 14:02:31,898 [ERROR] 
1 Failed download:
2026-06-09 14:02:31,898 [ERROR] ['VERB']: possibly delisted; no price data found  (period=1y) (Yahoo error = "No data found, symbol may be delisted")
2026-06-09 14:02:32,407 [ERROR] $MRIN: possibly delisted; no price data found  (period=1y) (Yahoo error = "No data found, symbol may be delisted")
2026-06-09 14:02:32,409 [ERROR] 
1 Failed download:
2026-06-09 14:02:32,410 [ERROR] ['MRIN']: possibly delisted; no price data found  (period=1y) (Yahoo error = "No data found, symbol may be delisted")
2026-06-09 14:02:33,084 [ERROR] $OBSV: possibly delisted; no price data found  (period=1y) (Yahoo error = "No data found, symbol may be delisted")
2026-06-09 14:02:33,087 [ERROR] 
1 Failed download:
2026-06-09 14:02:33,088 [ERROR] ['OBSV']: possibly delisted; no price data found  (period=1y) (Yahoo error = "No data found, symbol may be delisted")
2026-06-09 14:02:33,666 [ERROR] $ZYNE: possibly delisted; no price data found  (period=1y) (Yahoo error = "No data found, symbol may be delisted")
2026-06-09 14:02:33,673 [ERROR] 
1 Failed download:
2026-06-09 14:02:33,673 [ERROR] ['ZYNE']: possibly delisted; no price data found  (period=1y) (Yahoo error = "No data found, symbol may be delisted")
2026-06-09 14:02:35,586 [ERROR] $AGTC: possibly delisted; no price data found  (period=1y) (Yahoo error = "No data found, symbol may be delisted")
2026-06-09 14:02:35,595 [ERROR] 
1 Failed download:
2026-06-09 14:02:35,596 [ERROR] ['AGTC']: possibly delisted; no price data found  (period=1y) (Yahoo error = "No data found, symbol may be delisted")
2026-06-09 14:02:37,444 [ERROR] $EYEG: possibly delisted; no price data found  (period=1d)
2026-06-09 14:02:37,445 [ERROR] 
1 Failed download:
2026-06-09 14:02:37,445 [ERROR] ['EYEG']: possibly delisted; no price data found  (period=1d)
2026-06-09 14:02:38,703 [ERROR] $SGEN: possibly delisted; no price data found  (period=1y) (Yahoo error = "No data found, symbol may be delisted")
2026-06-09 14:02:38,711 [ERROR] 
1 Failed download:
2026-06-09 14:02:38,711 [ERROR] ['SGEN']: possibly delisted; no price data found  (period=1y) (Yahoo error = "No data found, symbol may be delisted")
2026-06-09 14:02:40,955 [ERROR] $VERV: possibly delisted; no price data found  (period=1y) (Yahoo error = "No data found, symbol may be delisted")
2026-06-09 14:02:40,961 [ERROR] 
1 Failed download:
2026-06-09 14:02:40,962 [ERROR] ['VERV']: possibly delisted; no price data found  (period=1y) (Yahoo error = "No data found, symbol may be delisted")
2026-06-09 14:02:46,900 [ERROR] $CFLT: possibly delisted; no price data found  (period=1y) (Yahoo error = "No data found, symbol may be delisted")
2026-06-09 14:02:46,905 [ERROR] 
1 Failed download:
2026-06-09 14:02:46,905 [ERROR] ['CFLT']: possibly delisted; no price data found  (period=1y) (Yahoo error = "No data found, symbol may be delisted")
2026-06-09 14:02:48,848 [ERROR] $SMAR: possibly delisted; no price data found  (period=1y) (Yahoo error = "No data found, symbol may be delisted")
2026-06-09 14:02:48,854 [ERROR] 
1 Failed download:
2026-06-09 14:02:48,854 [ERROR] ['SMAR']: possibly delisted; no price data found  (period=1y) (Yahoo error = "No data found, symbol may be delisted")
2026-06-09 14:02:50,544 [ERROR] $OLO: possibly delisted; no price data found  (period=1y) (Yahoo error = "No data found, symbol may be delisted")
2026-06-09 14:02:50,553 [ERROR] 
1 Failed download:
2026-06-09 14:02:50,553 [ERROR] ['OLO']: possibly delisted; no price data found  (period=1y) (Yahoo error = "No data found, symbol may be delisted")
2026-06-09 14:02:58,581 [ERROR] $KYNDRYL: possibly delisted; no price data found  (period=1y) (Yahoo error = "No data found, symbol may be delisted")
2026-06-09 14:02:58,582 [ERROR] 
1 Failed download:
2026-06-09 14:02:58,582 [ERROR] ['KYNDRYL']: possibly delisted; no price data found  (period=1y) (Yahoo error = "No data found, symbol may be delisted")
2026-06-09 14:02:59,177 [ERROR] $SUNW: possibly delisted; no price data found  (period=1y) (Yahoo error = "No data found, symbol may be delisted")
2026-06-09 14:02:59,178 [ERROR] 
1 Failed download:
2026-06-09 14:02:59,178 [ERROR] ['SUNW']: possibly delisted; no price data found  (period=1y) (Yahoo error = "No data found, symbol may be delisted")
2026-06-09 14:02:59,729 [ERROR] $MAXN: possibly delisted; no price data found  (period=1d)
2026-06-09 14:02:59,734 [ERROR] 
1 Failed download:
2026-06-09 14:02:59,734 [ERROR] ['MAXN']: possibly delisted; no price data found  (period=1d)
2026-06-09 14:03:00,842 [ERROR] $NOVA: possibly delisted; no price data found  (period=1y) (Yahoo error = "No data found, symbol may be delisted")
2026-06-09 14:03:00,847 [ERROR] 
1 Failed download:
2026-06-09 14:03:00,847 [ERROR] ['NOVA']: possibly delisted; no price data found  (period=1y) (Yahoo error = "No data found, symbol may be delisted")
2026-06-09 14:03:05,618 [ERROR] $AZRE: possibly delisted; no price data found  (period=1y) (Yahoo error = "No data found, symbol may be delisted")
2026-06-09 14:03:05,621 [ERROR] 
1 Failed download:
2026-06-09 14:03:05,622 [ERROR] ['AZRE']: possibly delisted; no price data found  (period=1y) (Yahoo error = "No data found, symbol may be delisted")
2026-06-09 14:03:06,151 [ERROR] $REGI: possibly delisted; no price data found  (period=1y) (Yahoo error = "No data found, symbol may be delisted")
2026-06-09 14:03:06,153 [ERROR] 
1 Failed download:
2026-06-09 14:03:06,153 [ERROR] ['REGI']: possibly delisted; no price data found  (period=1y) (Yahoo error = "No data found, symbol may be delisted")
2026-06-09 14:03:07,902 [ERROR] $NOVN: possibly delisted; no price data found  (period=1y) (Yahoo error = "No data found, symbol may be delisted")
2026-06-09 14:03:07,911 [ERROR] 
1 Failed download:
2026-06-09 14:03:07,911 [ERROR] ['NOVN']: possibly delisted; no price data found  (period=1y) (Yahoo error = "No data found, symbol may be delisted")
2026-06-09 14:03:10,679 [ERROR] $SILV: possibly delisted; no price data found  (period=1y) (Yahoo error = "No data found, symbol may be delisted")
2026-06-09 14:03:10,683 [ERROR] 
1 Failed download:
2026-06-09 14:03:10,683 [ERROR] ['SILV']: possibly delisted; no price data found  (period=1y) (Yahoo error = "No data found, symbol may be delisted")
2026-06-09 14:03:13,056 [ERROR] $MFAC: possibly delisted; no price data found  (period=1y) (Yahoo error = "No data found, symbol may be delisted")
2026-06-09 14:03:13,059 [ERROR] 
1 Failed download:
2026-06-09 14:03:13,059 [ERROR] ['MFAC']: possibly delisted; no price data found  (period=1y) (Yahoo error = "No data found, symbol may be delisted")
2026-06-09 14:03:14,497 [ERROR] $LAZY: possibly delisted; no price data found  (period=1y) (Yahoo error = "No data found, symbol may be delisted")
2026-06-09 14:03:14,500 [ERROR] 
1 Failed download:
2026-06-09 14:03:14,500 [ERROR] ['LAZY']: possibly delisted; no price data found  (period=1y) (Yahoo error = "No data found, symbol may be delisted")
2026-06-09 14:03:15,138 [ERROR] $BIGC: possibly delisted; no price data found  (period=1y) (Yahoo error = "No data found, symbol may be delisted")
2026-06-09 14:03:15,141 [ERROR] 
1 Failed download:
2026-06-09 14:03:15,141 [ERROR] ['BIGC']: possibly delisted; no price data found  (period=1y) (Yahoo error = "No data found, symbol may be delisted")
2026-06-09 14:03:15,929 [ERROR] $POSH: possibly delisted; no price data found  (period=1y) (Yahoo error = "No data found, symbol may be delisted")
2026-06-09 14:03:15,934 [ERROR] 
1 Failed download:
2026-06-09 14:03:15,935 [ERROR] ['POSH']: possibly delisted; no price data found  (period=1y) (Yahoo error = "No data found, symbol may be delisted")
2026-06-09 14:03:17,491 [ERROR] $OTRK: possibly delisted; no price data found  (period=1d)
2026-06-09 14:03:17,496 [ERROR] 
1 Failed download:
2026-06-09 14:03:17,496 [ERROR] ['OTRK']: possibly delisted; no price data found  (period=1d)
2026-06-09 14:03:18,449 [ERROR] $XELA: possibly delisted; no price data found  (period=1d)
2026-06-09 14:03:18,455 [ERROR] 
1 Failed download:
2026-06-09 14:03:18,455 [ERROR] ['XELA']: possibly delisted; no price data found  (period=1d)
2026-06-09 14:03:19,010 [ERROR] $TLGA: possibly delisted; no price data found  (period=1y) (Yahoo error = "No data found, symbol may be delisted")
2026-06-09 14:03:19,012 [ERROR] 
1 Failed download:
2026-06-09 14:03:19,012 [ERROR] ['TLGA']: possibly delisted; no price data found  (period=1y) (Yahoo error = "No data found, symbol may be delisted")
2026-06-09 14:03:20,100 [ERROR] $FFIE: possibly delisted; no price data found  (period=1y) (Yahoo error = "No data found, symbol may be delisted")
2026-06-09 14:03:20,104 [ERROR] 
1 Failed download:
2026-06-09 14:03:20,104 [ERROR] ['FFIE']: possibly delisted; no price data found  (period=1y) (Yahoo error = "No data found, symbol may be delisted")
2026-06-09 14:03:20,648 [ERROR] $MULN: possibly delisted; no price data found  (period=1y) (Yahoo error = "No data found, symbol may be delisted")
2026-06-09 14:03:20,656 [ERROR] 
1 Failed download:
2026-06-09 14:03:20,656 [ERROR] ['MULN']: possibly delisted; no price data found  (period=1y) (Yahoo error = "No data found, symbol may be delisted")
2026-06-09 14:03:23,914 [ERROR] $MILE: possibly delisted; no price data found  (period=1y) (Yahoo error = "No data found, symbol may be delisted")
2026-06-09 14:03:23,919 [ERROR] 
1 Failed download:
2026-06-09 14:03:23,919 [ERROR] ['MILE']: possibly delisted; no price data found  (period=1y) (Yahoo error = "No data found, symbol may be delisted")
2026-06-09 14:03:25,644 [ERROR] $GHIV: possibly delisted; no price data found  (period=1y) (Yahoo error = "No data found, symbol may be delisted")
2026-06-09 14:03:25,647 [ERROR] 
1 Failed download:
2026-06-09 14:03:25,647 [ERROR] ['GHIV']: possibly delisted; no price data found  (period=1y) (Yahoo error = "No data found, symbol may be delisted")
2026-06-09 14:03:28,753 [ERROR] $NICK: possibly delisted; no price data found  (period=1y) (Yahoo error = "No data found, symbol may be delisted")
2026-06-09 14:03:28,754 [ERROR] 
1 Failed download:
2026-06-09 14:03:28,754 [ERROR] ['NICK']: possibly delisted; no price data found  (period=1y) (Yahoo error = "No data found, symbol may be delisted")
2026-06-09 14:03:29,168 [ERROR] $TTOO: possibly delisted; no price data found  (period=1d)
2026-06-09 14:03:29,172 [ERROR] 
1 Failed download:
2026-06-09 14:03:29,172 [ERROR] ['TTOO']: possibly delisted; no price data found  (period=1d)
2026-06-09 14:03:29,720 [ERROR] $NUO: possibly delisted; no price data found  (period=1y) (Yahoo error = "No data found, symbol may be delisted")
2026-06-09 14:03:29,727 [ERROR] 
1 Failed download:
2026-06-09 14:03:29,727 [ERROR] ['NUO']: possibly delisted; no price data found  (period=1y) (Yahoo error = "No data found, symbol may be delisted")
2026-06-09 14:03:30,858 [ERROR] $OATLY: possibly delisted; no price data found  (period=1y) (Yahoo error = "No data found, symbol may be delisted")
2026-06-09 14:03:30,867 [ERROR] 
1 Failed download:
2026-06-09 14:03:30,867 [ERROR] ['OATLY']: possibly delisted; no price data found  (period=1y) (Yahoo error = "No data found, symbol may be delisted")
2026-06-09 14:03:31,391 [ERROR] $PNTM: possibly delisted; no price data found  (period=1y) (Yahoo error = "No data found, symbol may be delisted")
2026-06-09 14:03:31,398 [ERROR] 
1 Failed download:
2026-06-09 14:03:31,398 [ERROR] ['PNTM']: possibly delisted; no price data found  (period=1y) (Yahoo error = "No data found, symbol may be delisted")
2026-06-09 14:03:33,926 [ERROR] $ZEV: possibly delisted; no price data found  (period=1y) (Yahoo error = "No data found, symbol may be delisted")
2026-06-09 14:03:33,936 [ERROR] 
1 Failed download:
2026-06-09 14:03:33,936 [ERROR] ['ZEV']: possibly delisted; no price data found  (period=1y) (Yahoo error = "No data found, symbol may be delisted")
2026-06-09 14:03:34,446 [ERROR] $IDEX: possibly delisted; no price data found  (period=1y) (Yahoo error = "No data found, symbol may be delisted")
2026-06-09 14:03:34,448 [ERROR] 
1 Failed download:
2026-06-09 14:03:34,448 [ERROR] ['IDEX']: possibly delisted; no price data found  (period=1y) (Yahoo error = "No data found, symbol may be delisted")
2026-06-09 14:03:37,080 [ERROR] $BITF: possibly delisted; no price data found  (period=1y) (Yahoo error = "No data found, symbol may be delisted")
2026-06-09 14:03:37,087 [ERROR] 
1 Failed download:
2026-06-09 14:03:37,088 [ERROR] ['BITF']: possibly delisted; no price data found  (period=1y) (Yahoo error = "No data found, symbol may be delisted")
2026-06-09 14:03:38,201 [ERROR] $BTCY: possibly delisted; no price data found  (period=1d)
2026-06-09 14:03:38,208 [ERROR] 
1 Failed download:
2026-06-09 14:03:38,208 [ERROR] ['BTCY']: possibly delisted; no price data found  (period=1d)
2026-06-09 14:03:39,756 [ERROR] $DMGI: possibly delisted; no price data found  (period=1y)
2026-06-09 14:03:39,758 [ERROR] 
1 Failed download:
2026-06-09 14:03:39,758 [ERROR] ['DMGI']: possibly delisted; no price data found  (period=1y)
2026-06-09 14:03:40,537 [ERROR] $BTCM: possibly delisted; no price data found  (period=1y) (Yahoo error = "No data found, symbol may be delisted")
2026-06-09 14:03:40,540 [ERROR] 
1 Failed download:
2026-06-09 14:03:40,540 [ERROR] ['BTCM']: possibly delisted; no price data found  (period=1y) (Yahoo error = "No data found, symbol may be delisted")
2026-06-09 14:03:40,833 [ERROR] $NCTY: possibly delisted; no price data found  (period=1d)
2026-06-09 14:03:40,841 [ERROR] 
1 Failed download:
2026-06-09 14:03:40,841 [ERROR] ['NCTY']: possibly delisted; no price data found  (period=1d)
2026-06-09 14:03:42,228 [ERROR] $BRPHF: possibly delisted; no price data found  (period=1y) (Yahoo error = "No data found, symbol may be delisted")
2026-06-09 14:03:42,236 [ERROR] 
1 Failed download:
2026-06-09 14:03:42,236 [ERROR] ['BRPHF']: possibly delisted; no price data found  (period=1y) (Yahoo error = "No data found, symbol may be delisted")
2026-06-09 14:03:42,468 [ERROR] $FRMO: possibly delisted; no price data found  (period=1d)
2026-06-09 14:03:42,475 [ERROR] 
1 Failed download:
2026-06-09 14:03:42,475 [ERROR] ['FRMO']: possibly delisted; no price data found  (period=1d)
2026-06-09 14:03:42,482 [INFO] PRE-MARKET SCAN complete. 0 tickers on watchlist.
2026-06-09 14:03:42,482 [INFO] Scanning 198 tickers (watchlist: 0 prioritized)...
2026-06-09 14:03:42,986 [ERROR] $NKLA: possibly delisted; no price data found  (period=25d) (Yahoo error = "No data found, symbol may be delisted")
2026-06-09 14:03:43,276 [ERROR] $APHA: possibly delisted; no price data found  (period=25d) (Yahoo error = "No data found, symbol may be delisted")
2026-06-09 14:03:43,561 [ERROR] $HEXO: possibly delisted; no price data found  (period=25d) (Yahoo error = "No data found, symbol may be delisted")
2026-06-09 14:03:43,595 [ERROR] $GOEV: possibly delisted; no price data found  (period=25d) (Yahoo error = "No data found, symbol may be delisted")
2026-06-09 14:03:44,207 [ERROR] $WISH: possibly delisted; no price data found  (period=25d) (Yahoo error = "No data found, symbol may be delisted")
2026-06-09 14:03:44,217 [ERROR] 
5 Failed downloads:
2026-06-09 14:03:44,217 [ERROR] ['NKLA', 'APHA', 'HEXO', 'GOEV', 'WISH']: possibly delisted; no price data found  (period=25d) (Yahoo error = "No data found, symbol may be delisted")
2026-06-09 14:03:45,199 [ERROR] $SOLO: possibly delisted; no price data found  (period=25d) (Yahoo error = "No data found, symbol may be delisted")
2026-06-09 14:03:45,379 [ERROR] $ARVL: possibly delisted; no price data found  (period=25d) (Yahoo error = "No data found, symbol may be delisted")
2026-06-09 14:03:45,381 [ERROR] $NAKD: possibly delisted; no price data found  (period=25d) (Yahoo error = "No data found, symbol may be delisted")
2026-06-09 14:03:45,850 [ERROR] $AYRO: possibly delisted; no price data found  (period=25d) (Yahoo error = "No data found, symbol may be delisted")
2026-06-09 14:03:45,853 [ERROR] $EXPR: possibly delisted; no price data found  (period=25d) (Yahoo error = "No data found, symbol may be delisted")
2026-06-09 14:03:45,859 [ERROR] $RIDE: possibly delisted; no price data found  (period=25d) (Yahoo error = "No data found, symbol may be delisted")
2026-06-09 14:03:46,266 [ERROR] $XL: possibly delisted; no price data found  (period=25d) (Yahoo error = "No data found, symbol may be delisted")
2026-06-09 14:03:46,494 [ERROR] $FSR: possibly delisted; no price data found  (period=25d) (Yahoo error = "No data found, symbol may be delisted")
2026-06-09 14:03:46,569 [ERROR] $PTRA: possibly delisted; no price data found  (period=25d) (Yahoo error = "No data found, symbol may be delisted")
2026-06-09 14:03:46,573 [ERROR] 
9 Failed downloads:
2026-06-09 14:03:46,573 [ERROR] ['SOLO', 'ARVL', 'NAKD', 'AYRO', 'EXPR', 'RIDE', 'XL', 'FSR', 'PTRA']: possibly delisted; no price data found  (period=25d) (Yahoo error = "No data found, symbol may be delisted")
2026-06-09 14:03:47,618 [ERROR] $ZYNE: possibly delisted; no price data found  (period=25d) (Yahoo error = "No data found, symbol may be delisted")
2026-06-09 14:03:47,637 [ERROR] $VERB: possibly delisted; no price data found  (period=25d) (Yahoo error = "No data found, symbol may be delisted")
2026-06-09 14:03:47,739 [ERROR] $MRIN: possibly delisted; no price data found  (period=25d) (Yahoo error = "No data found, symbol may be delisted")
2026-06-09 14:03:48,195 [ERROR] $SAVA: possibly delisted; no price data found  (period=25d) (Yahoo error = "No data found, symbol may be delisted")
2026-06-09 14:03:48,252 [ERROR] $OBSV: possibly delisted; no price data found  (period=25d) (Yahoo error = "No data found, symbol may be delisted")
2026-06-09 14:03:48,547 [ERROR] $AGTC: possibly delisted; no price data found  (period=25d) (Yahoo error = "No data found, symbol may be delisted")
2026-06-09 14:03:48,728 [ERROR] $SGEN: possibly delisted; no price data found  (period=25d) (Yahoo error = "No data found, symbol may be delisted")
2026-06-09 14:03:48,737 [ERROR] 
7 Failed downloads:
2026-06-09 14:03:48,737 [ERROR] ['ZYNE', 'VERB', 'MRIN', 'SAVA', 'OBSV', 'AGTC', 'SGEN']: possibly delisted; no price data found  (period=25d) (Yahoo error = "No data found, symbol may be delisted")
2026-06-09 14:03:50,306 [ERROR] $CFLT: possibly delisted; no price data found  (period=25d) (Yahoo error = "No data found, symbol may be delisted")
2026-06-09 14:03:50,818 [ERROR] $VERV: possibly delisted; no price data found  (period=25d) (Yahoo error = "No data found, symbol may be delisted")
2026-06-09 14:03:51,177 [ERROR] $SMAR: possibly delisted; no price data found  (period=25d) (Yahoo error = "No data found, symbol may be delisted")
2026-06-09 14:03:51,185 [ERROR] 
3 Failed downloads:
2026-06-09 14:03:51,185 [ERROR] ['CFLT', 'VERV', 'SMAR']: possibly delisted; no price data found  (period=25d) (Yahoo error = "No data found, symbol may be delisted")
2026-06-09 14:03:52,867 [ERROR] $OLO: possibly delisted; no price data found  (period=25d) (Yahoo error = "No data found, symbol may be delisted")
2026-06-09 14:03:52,870 [ERROR] 
1 Failed download:
2026-06-09 14:03:52,870 [ERROR] ['OLO']: possibly delisted; no price data found  (period=25d) (Yahoo error = "No data found, symbol may be delisted")
2026-06-09 14:03:53,945 [ERROR] $SUNW: possibly delisted; no price data found  (period=25d) (Yahoo error = "No data found, symbol may be delisted")
2026-06-09 14:03:54,244 [ERROR] $NOVA: possibly delisted; no price data found  (period=25d) (Yahoo error = "No data found, symbol may be delisted")
2026-06-09 14:03:54,510 [ERROR] $AZRE: possibly delisted; no price data found  (period=25d) (Yahoo error = "No data found, symbol may be delisted")
2026-06-09 14:03:54,779 [ERROR] $REGI: possibly delisted; no price data found  (period=25d) (Yahoo error = "No data found, symbol may be delisted")
2026-06-09 14:03:54,979 [ERROR] $KYNDRYL: possibly delisted; no price data found  (period=25d) (Yahoo error = "No data found, symbol may be delisted")
2026-06-09 14:03:54,986 [ERROR] 
5 Failed downloads:
2026-06-09 14:03:54,986 [ERROR] ['SUNW', 'NOVA', 'AZRE', 'REGI', 'KYNDRYL']: possibly delisted; no price data found  (period=25d) (Yahoo error = "No data found, symbol may be delisted")
2026-06-09 14:03:56,062 [ERROR] $BIGC: possibly delisted; no price data found  (period=25d) (Yahoo error = "No data found, symbol may be delisted")
2026-06-09 14:03:56,272 [ERROR] $POSH: possibly delisted; no price data found  (period=25d) (Yahoo error = "No data found, symbol may be delisted")
2026-06-09 14:03:56,347 [ERROR] $LAZY: possibly delisted; no price data found  (period=25d) (Yahoo error = "No data found, symbol may be delisted")
2026-06-09 14:03:56,541 [ERROR] $SILV: possibly delisted; no price data found  (period=25d) (Yahoo error = "No data found, symbol may be delisted")
2026-06-09 14:03:56,748 [ERROR] $NOVN: possibly delisted; no price data found  (period=25d) (Yahoo error = "No data found, symbol may be delisted")
2026-06-09 14:03:57,008 [ERROR] $MFAC: possibly delisted; no price data found  (period=25d) (Yahoo error = "No data found, symbol may be delisted")
2026-06-09 14:03:57,016 [ERROR] 
6 Failed downloads:
2026-06-09 14:03:57,016 [ERROR] ['BIGC', 'POSH', 'LAZY', 'SILV', 'NOVN', 'MFAC']: possibly delisted; no price data found  (period=25d) (Yahoo error = "No data found, symbol may be delisted")
2026-06-09 14:03:58,258 [ERROR] $GHIV: possibly delisted; no price data found  (period=25d) (Yahoo error = "No data found, symbol may be delisted")
2026-06-09 14:03:58,318 [ERROR] $MILE: possibly delisted; no price data found  (period=25d) (Yahoo error = "No data found, symbol may be delisted")
2026-06-09 14:03:58,714 [ERROR] $FFIE: possibly delisted; no price data found  (period=25d) (Yahoo error = "No data found, symbol may be delisted")
2026-06-09 14:03:58,977 [ERROR] $TLGA: possibly delisted; no price data found  (period=25d) (Yahoo error = "No data found, symbol may be delisted")
2026-06-09 14:03:59,014 [ERROR] $MULN: possibly delisted; no price data found  (period=25d) (Yahoo error = "No data found, symbol may be delisted")
2026-06-09 14:03:59,016 [ERROR] 
5 Failed downloads:
2026-06-09 14:03:59,016 [ERROR] ['GHIV', 'MILE', 'FFIE', 'TLGA', 'MULN']: possibly delisted; no price data found  (period=25d) (Yahoo error = "No data found, symbol may be delisted")
2026-06-09 14:03:59,845 [ERROR] $NICK: possibly delisted; no price data found  (period=25d) (Yahoo error = "No data found, symbol may be delisted")
2026-06-09 14:03:59,847 [ERROR] $PNTM: possibly delisted; no price data found  (period=25d) (Yahoo error = "No data found, symbol may be delisted")
2026-06-09 14:04:00,118 [ERROR] $OATLY: possibly delisted; no price data found  (period=25d) (Yahoo error = "No data found, symbol may be delisted")
2026-06-09 14:04:00,130 [ERROR] $IDEX: possibly delisted; no price data found  (period=25d) (Yahoo error = "No data found, symbol may be delisted")
2026-06-09 14:04:00,364 [ERROR] $NUO: possibly delisted; no price data found  (period=25d) (Yahoo error = "No data found, symbol may be delisted")
2026-06-09 14:04:00,638 [ERROR] $ZEV: possibly delisted; no price data found  (period=25d) (Yahoo error = "No data found, symbol may be delisted")
2026-06-09 14:04:00,645 [ERROR] 
6 Failed downloads:
2026-06-09 14:04:00,645 [ERROR] ['NICK', 'PNTM', 'OATLY', 'IDEX', 'NUO', 'ZEV']: possibly delisted; no price data found  (period=25d) (Yahoo error = "No data found, symbol may be delisted")
2026-06-09 14:04:01,461 [ERROR] $DMGI: possibly delisted; no price data found  (period=25d)
2026-06-09 14:04:01,700 [ERROR] $BITF: possibly delisted; no price data found  (period=25d) (Yahoo error = "No data found, symbol may be delisted")
2026-06-09 14:04:02,013 [ERROR] $BTCM: possibly delisted; no price data found  (period=25d) (Yahoo error = "No data found, symbol may be delisted")
2026-06-09 14:04:02,030 [ERROR] $BRPHF: possibly delisted; no price data found  (period=25d) (Yahoo error = "No data found, symbol may be delisted")
2026-06-09 14:04:02,107 [ERROR] 
4 Failed downloads:
2026-06-09 14:04:02,107 [ERROR] ['DMGI']: possibly delisted; no price data found  (period=25d)
2026-06-09 14:04:02,107 [ERROR] ['BITF', 'BTCM', 'BRPHF']: possibly delisted; no price data found  (period=25d) (Yahoo error = "No data found, symbol may be delisted")
2026-06-09 14:04:02,630 [INFO] Volume filter: 0 tickers pass volume spike test
2026-06-09 14:05:02,005 [INFO] PRE-MARKET SCAN starting...
2026-06-09 14:05:08,578 [ERROR] $EXPR: possibly delisted; no price data found  (period=1y) (Yahoo error = "No data found, symbol may be delisted")
2026-06-09 14:05:08,586 [ERROR] 
1 Failed download:
2026-06-09 14:05:08,586 [ERROR] ['EXPR']: possibly delisted; no price data found  (period=1y) (Yahoo error = "No data found, symbol may be delisted")
2026-06-09 14:05:11,114 [ERROR] $RIDE: possibly delisted; no price data found  (period=1y) (Yahoo error = "No data found, symbol may be delisted")
2026-06-09 14:05:11,118 [ERROR] 
1 Failed download:
2026-06-09 14:05:11,119 [ERROR] ['RIDE']: possibly delisted; no price data found  (period=1y) (Yahoo error = "No data found, symbol may be delisted")
2026-06-09 14:05:11,637 [ERROR] $XL: possibly delisted; no price data found  (period=1y) (Yahoo error = "No data found, symbol may be delisted")
2026-06-09 14:05:11,641 [ERROR] 
1 Failed download:
2026-06-09 14:05:11,641 [ERROR] ['XL']: possibly delisted; no price data found  (period=1y) (Yahoo error = "No data found, symbol may be delisted")
2026-06-09 14:05:12,282 [ERROR] $FSR: possibly delisted; no price data found  (period=1y) (Yahoo error = "No data found, symbol may be delisted")
2026-06-09 14:05:12,284 [ERROR] 
1 Failed download:
2026-06-09 14:05:12,284 [ERROR] ['FSR']: possibly delisted; no price data found  (period=1y) (Yahoo error = "No data found, symbol may be delisted")
2026-06-09 14:05:13,462 [ERROR] $ARVL: possibly delisted; no price data found  (period=1y) (Yahoo error = "No data found, symbol may be delisted")
2026-06-09 14:05:13,463 [ERROR] 
1 Failed download:
2026-06-09 14:05:13,464 [ERROR] ['ARVL']: possibly delisted; no price data found  (period=1y) (Yahoo error = "No data found, symbol may be delisted")
2026-06-09 14:05:14,804 [ERROR] $SOLO: possibly delisted; no price data found  (period=1y) (Yahoo error = "No data found, symbol may be delisted")
2026-06-09 14:05:14,806 [ERROR] 
1 Failed download:
2026-06-09 14:05:14,806 [ERROR] ['SOLO']: possibly delisted; no price data found  (period=1y) (Yahoo error = "No data found, symbol may be delisted")
2026-06-09 14:05:15,529 [ERROR] $AYRO: possibly delisted; no price data found  (period=1y) (Yahoo error = "No data found, symbol may be delisted")
2026-06-09 14:05:15,533 [ERROR] 
1 Failed download:
2026-06-09 14:05:15,533 [ERROR] ['AYRO']: possibly delisted; no price data found  (period=1y) (Yahoo error = "No data found, symbol may be delisted")
2026-06-09 14:05:16,111 [ERROR] $PTRA: possibly delisted; no price data found  (period=1y) (Yahoo error = "No data found, symbol may be delisted")
2026-06-09 14:05:16,115 [ERROR] 
1 Failed download:
2026-06-09 14:05:16,115 [ERROR] ['PTRA']: possibly delisted; no price data found  (period=1y) (Yahoo error = "No data found, symbol may be delisted")
2026-06-09 14:05:19,742 [ERROR] $EYEG: possibly delisted; no price data found  (period=1d)
2026-06-09 14:05:19,745 [ERROR] 
1 Failed download:
2026-06-09 14:05:19,745 [ERROR] ['EYEG']: possibly delisted; no price data found  (period=1d)
2026-06-09 14:05:34,464 [ERROR] $MAXN: possibly delisted; no price data found  (period=1d)
2026-06-09 14:05:34,465 [ERROR] 
1 Failed download:
2026-06-09 14:05:34,465 [ERROR] ['MAXN']: possibly delisted; no price data found  (period=1d)
2026-06-09 14:05:43,861 [ERROR] $OTRK: possibly delisted; no price data found  (period=1d)
2026-06-09 14:05:43,866 [ERROR] 
1 Failed download:
2026-06-09 14:05:43,866 [ERROR] ['OTRK']: possibly delisted; no price data found  (period=1d)
2026-06-09 14:05:44,106 [ERROR] $XELA: possibly delisted; no price data found  (period=1d)
2026-06-09 14:05:44,109 [ERROR] 
1 Failed download:
2026-06-09 14:05:44,109 [ERROR] ['XELA']: possibly delisted; no price data found  (period=1d)
2026-06-09 14:05:49,557 [ERROR] $TTOO: possibly delisted; no price data found  (period=1d)
2026-06-09 14:05:49,563 [ERROR] 
1 Failed download:
2026-06-09 14:05:49,563 [ERROR] ['TTOO']: possibly delisted; no price data found  (period=1d)
2026-06-09 14:05:55,763 [ERROR] $BTCY: possibly delisted; no price data found  (period=1d)
2026-06-09 14:05:55,770 [ERROR] 
1 Failed download:
2026-06-09 14:05:55,771 [ERROR] ['BTCY']: possibly delisted; no price data found  (period=1d)
2026-06-09 14:05:57,381 [ERROR] $NCTY: possibly delisted; no price data found  (period=1d)
2026-06-09 14:05:57,385 [ERROR] 
1 Failed download:
2026-06-09 14:05:57,385 [ERROR] ['NCTY']: possibly delisted; no price data found  (period=1d)
2026-06-09 14:05:58,787 [ERROR] $FRMO: possibly delisted; no price data found  (period=1d)
2026-06-09 14:05:58,789 [ERROR] 
1 Failed download:
2026-06-09 14:05:58,789 [ERROR] ['FRMO']: possibly delisted; no price data found  (period=1d)
2026-06-09 14:05:58,798 [INFO] PRE-MARKET SCAN complete. 0 tickers on watchlist.
2026-06-09 14:05:58,799 [INFO] Scanning 153 tickers (watchlist: 0 prioritized)...
2026-06-09 14:05:59,325 [ERROR] $EXPR: possibly delisted; no price data found  (period=25d) (Yahoo error = "No data found, symbol may be delisted")
2026-06-09 14:05:59,619 [ERROR] 
1 Failed download:
2026-06-09 14:05:59,619 [ERROR] ['EXPR']: possibly delisted; no price data found  (period=25d) (Yahoo error = "No data found, symbol may be delisted")
2026-06-09 14:06:00,575 [ERROR] $AYRO: possibly delisted; no price data found  (period=25d) (Yahoo error = "No data found, symbol may be delisted")
2026-06-09 14:06:00,772 [ERROR] $ARVL: possibly delisted; no price data found  (period=25d) (Yahoo error = "No data found, symbol may be delisted")
2026-06-09 14:06:00,785 [ERROR] $XL: possibly delisted; no price data found  (period=25d) (Yahoo error = "No data found, symbol may be delisted")
2026-06-09 14:06:00,902 [ERROR] $RIDE: possibly delisted; no price data found  (period=25d) (Yahoo error = "No data found, symbol may be delisted")
2026-06-09 14:06:01,116 [ERROR] $FSR: possibly delisted; no price data found  (period=25d) (Yahoo error = "No data found, symbol may be delisted")
2026-06-09 14:06:01,149 [ERROR] $PTRA: possibly delisted; no price data found  (period=25d) (Yahoo error = "No data found, symbol may be delisted")
2026-06-09 14:06:01,269 [ERROR] $SOLO: possibly delisted; no price data found  (period=25d) (Yahoo error = "No data found, symbol may be delisted")
2026-06-09 14:06:01,298 [ERROR] 
7 Failed downloads:
2026-06-09 14:06:01,298 [ERROR] ['AYRO', 'ARVL', 'XL', 'RIDE', 'FSR', 'PTRA', 'SOLO']: possibly delisted; no price data found  (period=25d) (Yahoo error = "No data found, symbol may be delisted")
2026-06-09 14:06:08,904 [INFO] Volume filter: 0 tickers pass volume spike test
2026-06-09 14:24:52,992 [INFO] Dynamic universe: 1497 tickers from Finviz screener.
2026-06-09 14:25:51,854 [INFO] Dynamic universe: 1481 tickers from Finviz screener.
2026-06-09 14:41:34,247 [INFO] Dynamic universe: 1325 tickers from Finviz screener.
2026-06-09 14:43:49,728 [INFO] News flag for ALVO: ✅ news clear (score=0) — GoogleNews:2 articles(24h)
2026-06-09 14:43:52,637 [INFO] News flag for AVO: ✅ news clear (score=1) — Yahoo:5 articles | GoogleNews:10 articles(24h)
2026-06-09 14:43:53,913 [INFO] News flag for BAK: ✅ news clear (score=0) — GoogleNews:2 articles(24h)
2026-06-09 14:43:55,609 [INFO] News flag for BOT: ✅ news clear (score=0) — GoogleNews:2 articles(24h)
2026-06-09 14:43:56,680 [INFO] News flag for CCO: ✅ news clear (score=1) — Yahoo:1 articles | GoogleNews:3 articles(24h)
2026-06-09 14:43:57,886 [INFO] News flag for ENHA: ✅ news clear (score=0) — no news found
2026-06-09 14:43:58,935 [INFO] News flag for FCEL: ✅ news clear (score=4) — Yahoo:10 articles | GoogleNews:19 articles(24h)
2026-06-09 14:44:00,261 [INFO] News flag for GENI: ✅ news clear (score=0) — no news found
2026-06-09 14:44:01,422 [INFO] News flag for IPFX: ✅ news clear (score=0) — no news found
2026-06-09 14:44:02,348 [INFO] News flag for IXHL: ✅ news clear (score=1) — GoogleNews:2 articles(24h)
2026-06-09 14:44:03,494 [INFO] News flag for JBI: ✅ news clear (score=0) — Yahoo:1 articles
2026-06-09 14:44:04,825 [INFO] News flag for LAB: ✅ news clear (score=1) — GoogleNews:13 articles(24h)
2026-06-09 14:44:06,397 [INFO] News flag for LDI: ✅ news clear (score=1) — GoogleNews:5 articles(24h)
2026-06-09 14:44:07,524 [INFO] News flag for NPKI: ✅ news clear (score=0) — Yahoo:1 articles
2026-06-09 14:44:08,835 [INFO] News flag for NUVB: ✅ news clear (score=0) — no news found
2026-06-09 14:44:10,105 [INFO] News flag for PWP: ✅ news clear (score=0) — no news found
2026-06-09 14:44:11,445 [INFO] News flag for STTK: ✅ news clear (score=0) — GoogleNews:2 articles(24h)
2026-06-09 14:44:12,879 [INFO] News flag for TLRY: ✅ news clear (score=0) — Yahoo:1 articles
2026-06-09 14:44:14,341 [INFO] News flag for WLTH: ✅ news clear (score=0) — no news found
2026-06-09 14:44:15,440 [INFO] News flag for ZVRA: ✅ news clear (score=4) — Yahoo:2 articles | GoogleNews:5 articles(24h)
2026-06-09 14:44:16,890 [INFO] News flag for ACLS: ✅ news clear (score=0) — GoogleNews:1 articles(24h)
2026-06-09 14:44:18,309 [INFO] News flag for ALK: ✅ news clear (score=0) — Yahoo:1 articles | GoogleNews:1 articles(24h)
2026-06-09 14:44:19,880 [INFO] News flag for ALMS: ✅ news clear (score=0) — no news found
2026-06-09 14:44:21,295 [INFO] News flag for ASO: ✅ news clear (score=1) — Yahoo:5 articles | GoogleNews:10 articles(24h)
2026-06-09 14:44:22,733 [INFO] News flag for BKH: ✅ news clear (score=0) — no news found
2026-06-09 14:44:24,476 [INFO] News flag for BVN: ✅ news clear (score=0) — Yahoo:1 articles | GoogleNews:2 articles(24h)
2026-06-09 14:44:25,780 [INFO] News flag for BYD: ✅ news clear (score=1) — Yahoo:1 articles | GoogleNews:7 articles(24h)
2026-06-09 14:44:27,747 [INFO] News flag for CIG: ✅ news clear (score=0) — no news found
2026-06-09 14:44:28,998 [INFO] News flag for CLOV: ✅ news clear (score=0) — Yahoo:1 articles
2026-06-09 14:44:30,434 [INFO] News flag for FLNC: ✅ news clear (score=1) — Yahoo:1 articles | GoogleNews:5 articles(24h)
2026-06-09 14:44:31,829 [INFO] News flag for GDS: ✅ news clear (score=1) — Yahoo:2 articles | GoogleNews:4 articles(24h)
2026-06-09 14:44:33,225 [INFO] News flag for GPCR: ✅ news clear (score=0) — no news found
2026-06-09 14:44:34,605 [INFO] News flag for IHS: ✅ news clear (score=0) — no news found
2026-06-09 14:44:35,995 [INFO] News flag for KEEL: ✅ news clear (score=1) — GoogleNews:7 articles(24h)
2026-06-09 14:44:37,307 [INFO] News flag for NUVL: ✅ news clear (score=3) — Yahoo:10 articles | GoogleNews:5 articles(24h)
2026-06-09 14:44:41,413 [INFO] News flag for PAYO: ✅ news clear (score=0) — Yahoo:1 articles | GoogleNews:1 articles(24h)
2026-06-09 14:44:42,837 [INFO] News flag for PK: ✅ news clear (score=0) — GoogleNews:1 articles(24h)
2026-06-09 14:44:44,359 [INFO] News flag for SA: ✅ news clear (score=3) — GoogleNews:63 articles(24h)
2026-06-09 14:44:45,764 [INFO] News flag for SIRI: ✅ news clear (score=3) — Yahoo:1 articles | GoogleNews:26 articles(24h)
2026-06-09 14:44:47,060 [INFO] News flag for SLG: ✅ news clear (score=0) — GoogleNews:1 articles(24h)
2026-06-09 14:44:48,476 [INFO] News flag for SRAD: ⚠️ NEGATIVE NEWS FLAG (score=1) — ⚠️ Google News negative: 'fraud' | ⚠️ Google News negative: 'class action' | ⚠️ Google News negative: 'class action' | GoogleNews:6 articles(24h)
2026-06-09 14:44:49,826 [INFO] News flag for TMHC: ✅ news clear (score=0) — Yahoo:3 articles | GoogleNews:1 articles(24h)
2026-06-09 14:44:51,125 [INFO] News flag for UCTT: ✅ news clear (score=4) — Yahoo:5 articles | GoogleNews:3 articles(24h)
2026-06-09 14:44:52,466 [INFO] News flag for VECO: ✅ news clear (score=1) — GoogleNews:3 articles(24h)
2026-06-09 14:44:54,301 [INFO] News flag for VNET: ✅ news clear (score=0) — Yahoo:2 articles | GoogleNews:2 articles(24h)
2026-06-09 14:44:55,591 [INFO] News flag for VSH: ✅ news clear (score=1) — Yahoo:1 articles | GoogleNews:2 articles(24h)
2026-06-09 14:44:57,008 [INFO] News flag for WSBC: ✅ news clear (score=0) — GoogleNews:1 articles(24h)
2026-06-09 14:44:59,070 [INFO] News flag for ZG: ✅ news clear (score=0) — Yahoo:1 articles
2026-06-09 14:45:00,401 [INFO] News flag for ADCT: ✅ news clear (score=0) — GoogleNews:1 articles(24h)
2026-06-09 14:45:01,636 [INFO] News flag for AHMA: ✅ news clear (score=0) — no news found
2026-06-09 14:45:32,251 [INFO] TIER 2.0% hit for WULF: selling 1 shares (10% of original)
2026-06-09 14:45:32,252 [INFO] [DRY RUN] Would SELL 1 shares of WULF
2026-06-09 14:45:48,636 [INFO] TIER 2.0% hit for TEST: selling 1 shares (10% of original)
2026-06-09 14:45:48,636 [INFO] [DRY RUN] Would SELL 1 shares of TEST
2026-06-09 14:45:48,636 [INFO] TIER 3.0% hit for TEST: selling 3 shares (20% of original)
2026-06-09 14:45:48,636 [INFO] [DRY RUN] Would SELL 3 shares of TEST
2026-06-09 14:45:48,637 [INFO] TIER 4.0% hit for TEST: selling 1 shares (10% of original)
2026-06-09 14:45:48,637 [INFO] [DRY RUN] Would SELL 1 shares of TEST
2026-06-09 14:45:48,637 [INFO] TIER 5.0% hit for TEST: selling 3 shares (20% of original)
2026-06-09 14:45:48,637 [INFO] [DRY RUN] Would SELL 3 shares of TEST
2026-06-09 14:45:48,638 [INFO] TRAILING STOP ACTIVATED for TEST (HWM +9.3%)
2026-06-09 14:45:48,639 [INFO] TRAILING STOP HIT for TEST: price $3.26 (pct_gain=8.67% <= floor=9.17%)
2026-06-09 14:45:48,639 [INFO] [DRY RUN] Would SELL 8 shares of TEST
2026-06-09 14:49:14,453 [INFO] TIER +2.0% hit for WULF: selling $5.11 (10% of original $50.00)
2026-06-09 14:49:14,453 [INFO] [DRY RUN] Would SELL $5.11 of WULF
2026-06-09 14:49:28,603 [INFO] TIER +2.0% hit for WULF: selling $5.11 (10% of original $50.00)
2026-06-09 14:49:28,603 [INFO] [DRY RUN] Would SELL $5.11 of WULF
2026-06-09 14:49:28,603 [INFO] TIER +3.0% hit for WULF: selling $10.31 (20% of original $50.00)
2026-06-09 14:49:28,603 [INFO] [DRY RUN] Would SELL $10.31 of WULF
2026-06-09 14:49:28,603 [INFO] TIER +4.0% hit for WULF: selling $5.20 (10% of original $50.00)
2026-06-09 14:49:28,604 [INFO] [DRY RUN] Would SELL $5.20 of WULF
2026-06-09 14:49:28,604 [INFO] TIER +5.0% hit for WULF: selling $10.50 (20% of original $50.00)
2026-06-09 14:49:28,604 [INFO] [DRY RUN] Would SELL $10.50 of WULF
2026-06-09 14:49:28,604 [INFO] TRAILING STOP ACTIVATED for WULF (HWM +8.5%)
2026-06-09 14:49:28,605 [INFO] TRAILING STOP HIT for WULF: price $27.70 (6.54% <= floor 7.12%) — selling $21.31
2026-06-09 14:49:28,605 [INFO] [DRY RUN] Would SELL $21.31 of WULF
2026-06-09 14:57:11,613 [INFO] Dynamic universe: 1243 tickers from Finviz screener.
2026-06-09 14:57:11,614 [INFO] Scanning 1243 tickers (watchlist: 0 prioritized)...
2026-06-09 14:58:35,899 [INFO] Volume filter: 210 tickers pass volume spike test
2026-06-09 14:58:37,691 [INFO] News flag for AI: ✅ news clear (score=2) — Yahoo:2 articles | GoogleNews:75 articles(24h)
2026-06-09 14:58:38,265 [INFO] SCORE 5/6: AI @ $10.73 — score=5/6 | $10.73 | ✅ vol 1.7x | ✅ price > SMA50 | ❌ no golden cross | ✅ RSI 60.4 | ✅ MACD ✅ | ✅ bullish pattern on 5m candles
2026-06-09 14:58:39,931 [INFO] News flag for ALT: ✅ news clear (score=1) — Yahoo:3 articles | GoogleNews:2 articles(24h)
2026-06-09 14:58:41,748 [INFO] News flag for ALVO: ✅ news clear (score=0) — GoogleNews:2 articles(24h)
2026-06-09 14:58:42,698 [INFO] SCORE 4/6: ALVO @ $4.26 — score=4/6 | $4.26 | ✅ vol 4.8x | ✅ price > SMA50 | ❌ no golden cross | ✅ RSI 66.5 | ✅ MACD ✅ | ❌ no bullish pattern on 5m, 15m, or daily candles
2026-06-09 14:58:43,956 [INFO] News flag for AMC: ✅ news clear (score=1) — Yahoo:2 articles | GoogleNews:4 articles(24h)
2026-06-09 14:58:44,939 [INFO] SCORE 5/6: AMC @ $1.93 — score=5/6 | $1.93 | ✅ vol 2.1x | ✅ price > SMA50 | ❌ no golden cross | ✅ RSI 60.5 | ✅ MACD ✅ | ✅ bullish pattern on daily candles
2026-06-09 14:58:46,122 [INFO] News flag for ANGX: ✅ news clear (score=0) — no news found
2026-06-09 14:58:46,618 [INFO] SCORE 5/6: ANGX @ $2.87 — score=5/6 | $2.87 | ✅ vol 2.3x | ✅ price > SMA50 | ❌ SMA200 N/A | ✅ RSI 51.5 | ✅ MACD ✅ | ✅ bullish pattern on 5m candles
2026-06-09 14:58:47,897 [INFO] News flag for APPS: ✅ news clear (score=0) — Yahoo:1 articles
2026-06-09 14:58:48,375 [INFO] SCORE 4/6: APPS @ $10.02 — score=4/6 | $10.02 | ✅ vol 2.1x | ✅ price > SMA50 | ❌ no golden cross | ❌ RSI 82.0 | ✅ MACD ✅ | ✅ bullish pattern on 5m candles
2026-06-09 14:58:49,508 [INFO] News flag for AVO: ✅ news clear (score=1) — Yahoo:5 articles | GoogleNews:10 articles(24h)
2026-06-09 14:58:51,501 [INFO] News flag for BAK: ✅ news clear (score=0) — GoogleNews:2 articles(24h)
2026-06-09 14:58:53,510 [INFO] News flag for BBDC: ✅ news clear (score=0) — no news found
2026-06-09 14:58:54,016 [INFO] SCORE 6/6: BBDC @ $8.44 — score=6/6 | $8.44 | ✅ vol 1.5x | ✅ price > SMA50 | ✅ golden cross ✅ | ✅ RSI 51.3 | ✅ MACD ✅ | ✅ bullish pattern on 5m candles
2026-06-09 14:58:55,199 [INFO] News flag for BBNX: ✅ news clear (score=0) — no news found
2026-06-09 14:58:58,698 [INFO] News flag for BDN: ✅ news clear (score=0) — no news found
2026-06-09 14:58:59,261 [INFO] SCORE 5/6: BDN @ $3.29 — score=5/6 | $3.29 | ✅ vol 1.8x | ✅ price > SMA50 | ❌ no golden cross | ✅ RSI 68.9 | ✅ MACD ✅ | ✅ bullish pattern on 5m candles
2026-06-09 14:59:00,521 [INFO] News flag for BFLY: ✅ news clear (score=0) — GoogleNews:2 articles(24h)
2026-06-09 14:59:01,321 [INFO] SCORE 5/6: BFLY @ $4.90 — score=5/6 | $4.90 | ✅ vol 1.7x | ✅ price > SMA50 | ✅ golden cross ✅ | ✅ RSI 56.0 | ✅ MACD ✅ | ❌ no bullish pattern on 5m, 15m, or daily candles
2026-06-09 14:59:02,513 [INFO] News flag for BHVN: ✅ news clear (score=0) — Yahoo:1 articles
2026-06-09 14:59:03,379 [INFO] SCORE 5/6: BHVN @ $11.36 — score=5/6 | $11.36 | ✅ vol 1.6x | ✅ price > SMA50 | ❌ no golden cross | ✅ RSI 58.4 | ✅ MACD ✅ | ✅ bullish pattern on daily candles
2026-06-09 14:59:04,634 [INFO] News flag for BOT: ✅ news clear (score=0) — GoogleNews:2 articles(24h)
2026-06-09 14:59:05,975 [INFO] News flag for BRBR: ✅ news clear (score=0) — Yahoo:1 articles
2026-06-09 14:59:08,764 [INFO] News flag for BTGO: ✅ news clear (score=0) — GoogleNews:1 articles(24h)
2026-06-09 14:59:10,567 [INFO] News flag for BV: ✅ news clear (score=0) — GoogleNews:2 articles(24h)
2026-06-09 14:59:12,613 [INFO] News flag for CAL: ✅ news clear (score=0) — Yahoo:1 articles | GoogleNews:2 articles(24h)
2026-06-09 14:59:13,383 [INFO] SCORE 5/6: CAL @ $13.85 — score=5/6 | $13.85 | ✅ vol 1.5x | ✅ price > SMA50 | ✅ golden cross ✅ | ✅ RSI 54.7 | ❌ MACD ❌ | ✅ bullish pattern on 5m candles
2026-06-09 14:59:14,617 [INFO] News flag for CGC: ✅ news clear (score=0) — no news found
2026-06-09 14:59:16,527 [INFO] News flag for CTKB: ✅ news clear (score=0) — no news found
2026-06-09 14:59:18,538 [INFO] News flag for DNUT: ✅ news clear (score=1) — Yahoo:1 articles | GoogleNews:3 articles(24h)
2026-06-09 14:59:18,999 [INFO] SCORE 5/6: DNUT @ $3.82 — score=5/6 | $3.82 | ✅ vol 2.0x | ✅ price > SMA50 | ❌ no golden cross | ✅ RSI 63.8 | ✅ MACD ✅ | ✅ bullish pattern on 5m candles
2026-06-09 14:59:20,054 [INFO] News flag for ENHA: ✅ news clear (score=0) — no news found
2026-06-09 14:59:21,309 [INFO] News flag for ESRT: ✅ news clear (score=0) — Yahoo:1 articles
2026-06-09 14:59:22,087 [INFO] SCORE 4/6: ESRT @ $5.66 — score=4/6 | $5.66 | ✅ vol 1.5x | ✅ price > SMA50 | ❌ no golden cross | ✅ RSI 55.0 | ❌ MACD ❌ | ✅ bullish pattern on 5m candles
2026-06-09 14:59:23,314 [INFO] News flag for FCEL: ✅ news clear (score=4) — Yahoo:10 articles | GoogleNews:18 articles(24h)
2026-06-09 14:59:24,161 [INFO] SCORE 4/6: FCEL @ $19.08 — score=4/6 | $19.08 | ✅ vol 3.7x | ✅ price > SMA50 | ✅ golden cross ✅ | ✅ RSI 50.9 | ❌ MACD ❌ | ❌ no bullish pattern on 5m, 15m, or daily candles
2026-06-09 14:59:25,241 [INFO] News flag for GAB: ✅ news clear (score=0) — no news found
2026-06-09 14:59:27,447 [INFO] News flag for GDRX: ✅ news clear (score=0) — no news found
2026-06-09 14:59:29,209 [INFO] News flag for GENI: ✅ news clear (score=0) — no news found
2026-06-09 14:59:29,733 [INFO] SCORE 4/6: GENI @ $6.86 — score=4/6 | $6.86 | ✅ vol 2.5x | ✅ price > SMA50 | ❌ no golden cross | ❌ RSI 71.5 | ✅ MACD ✅ | ✅ bullish pattern on 5m candles
2026-06-09 14:59:31,067 [INFO] News flag for GLUE: ✅ news clear (score=0) — no news found
2026-06-09 14:59:33,271 [INFO] News flag for GOLD: ✅ news clear (score=2) — GoogleNews:29 articles(24h)
2026-06-09 14:59:34,140 [INFO] SCORE 5/6: GOLD @ $42.48 — score=5/6 | $42.48 | ✅ vol 1.8x | ❌ price < SMA50 | ✅ golden cross ✅ | ✅ RSI 52.2 | ✅ MACD ✅ | ✅ bullish pattern on 5m candles
2026-06-09 14:59:35,397 [INFO] News flag for HIVE: ✅ news clear (score=1) — Yahoo:1 articles | GoogleNews:3 articles(24h)
2026-06-09 14:59:37,249 [INFO] News flag for HLMN: ✅ news clear (score=0) — Yahoo:2 articles | GoogleNews:1 articles(24h)
2026-06-09 14:59:39,036 [INFO] News flag for HPP: ✅ news clear (score=0) — GoogleNews:1 articles(24h)
2026-06-09 14:59:39,679 [INFO] SCORE 4/6: HPP @ $15.35 — score=4/6 | $15.35 | ✅ vol 1.6x | ✅ price > SMA50 | ❌ no golden cross | ❌ RSI 77.9 | ✅ MACD ✅ | ✅ bullish pattern on 5m candles
2026-06-09 14:59:40,951 [INFO] News flag for IGR: ✅ news clear (score=0) — no news found
2026-06-09 14:59:42,999 [INFO] News flag for IMTX: ✅ news clear (score=0) — no news found
2026-06-09 14:59:44,880 [INFO] News flag for IPFX: ✅ news clear (score=0) — no news found
2026-06-09 14:59:46,262 [INFO] News flag for IXHL: ✅ news clear (score=1) — GoogleNews:2 articles(24h)
2026-06-09 14:59:47,647 [INFO] News flag for JBI: ✅ news clear (score=0) — Yahoo:1 articles
2026-06-09 14:59:48,400 [INFO] SCORE 4/6: JBI @ $5.24 — score=4/6 | $5.24 | ✅ vol 2.7x | ✅ price > SMA50 | ❌ no golden cross | ✅ RSI 52.5 | ✅ MACD ✅ | ❌ no bullish pattern on 5m, 15m, or daily candles
2026-06-09 14:59:49,605 [INFO] News flag for JMIA: ✅ news clear (score=0) — no news found
2026-06-09 14:59:50,222 [INFO] SCORE 4/6: JMIA @ $7.18 — score=4/6 | $7.18 | ✅ vol 1.8x | ✅ price > SMA50 | ❌ no golden cross | ✅ RSI 50.8 | ❌ MACD ❌ | ✅ bullish pattern on 5m candles
2026-06-09 14:59:51,468 [INFO] News flag for LAB: ✅ news clear (score=1) — GoogleNews:13 articles(24h)
2026-06-09 14:59:53,117 [INFO] News flag for LDI: ✅ news clear (score=1) — GoogleNews:5 articles(24h)
2026-06-09 14:59:55,051 [INFO] News flag for LIFE: ✅ news clear (score=1) — Yahoo:1 articles | GoogleNews:8 articles(24h)
2026-06-09 14:59:57,035 [INFO] News flag for LODE: ✅ news clear (score=0) — Yahoo:1 articles | GoogleNews:1 articles(24h)
2026-06-09 14:59:57,856 [INFO] SCORE 5/6: LODE @ $4.02 — score=5/6 | $4.02 | ✅ vol 1.7x | ✅ price > SMA50 | ✅ golden cross ✅ | ✅ RSI 56.8 | ❌ MACD ❌ | ✅ bullish pattern on daily candles
2026-06-09 14:59:59,051 [INFO] News flag for MLYS: ✅ news clear (score=0) — GoogleNews:1 articles(24h)
2026-06-09 15:00:01,169 [INFO] News flag for MRLN: ✅ news clear (score=0) — GoogleNews:1 articles(24h)
2026-06-09 15:00:03,096 [INFO] News flag for NB: ✅ news clear (score=0) — GoogleNews:1 articles(24h)
2026-06-09 15:00:05,251 [INFO] News flag for NEXA: ✅ news clear (score=0) — Yahoo:2 articles | GoogleNews:1 articles(24h)
2026-06-09 15:00:07,130 [INFO] News flag for NFGC: ✅ news clear (score=0) — no news found
2026-06-09 15:00:09,012 [INFO] News flag for NPKI: ✅ news clear (score=0) — Yahoo:1 articles
2026-06-09 15:00:11,294 [INFO] News flag for NRDS: ✅ news clear (score=0) — no news found
2026-06-09 15:00:13,435 [INFO] News flag for NUVB: ✅ news clear (score=0) — no news found
2026-06-09 15:00:15,671 [INFO] News flag for NWL: ✅ news clear (score=1) — GoogleNews:3 articles(24h)
2026-06-09 15:00:16,815 [INFO] SCORE 4/6: NWL @ $4.43 — score=4/6 | $4.43 | ✅ vol 1.3x | ✅ price > SMA50 | ❌ no golden cross | ✅ RSI 65.9 | ✅ MACD ✅ | ❌ no bullish pattern on 5m, 15m, or daily candles
2026-06-09 15:00:17,955 [INFO] News flag for OPFI: ✅ news clear (score=0) — GoogleNews:1 articles(24h)
2026-06-09 15:00:19,786 [INFO] News flag for OPTX: ✅ news clear (score=0) — GoogleNews:2 articles(24h)
2026-06-09 15:00:20,439 [INFO] SCORE 6/6: OPTX @ $11.88 — score=6/6 | $11.88 | ✅ vol 1.9x | ✅ price > SMA50 | ✅ golden cross ✅ | ✅ RSI 57.4 | ✅ MACD ✅ | ✅ bullish pattern on 5m candles
2026-06-09 15:00:21,656 [INFO] News flag for ORBS: ✅ news clear (score=0) — Yahoo:1 articles
2026-06-09 15:00:22,242 [INFO] SCORE 5/6: ORBS @ $0.97 — score=5/6 | $0.97 | ✅ vol 2.4x | ✅ price > SMA50 | ❌ no golden cross | ✅ RSI 53.5 | ✅ MACD ✅ | ✅ bullish pattern on 15m candles
2026-06-09 15:00:23,484 [INFO] News flag for ORC: ✅ news clear (score=0) — no news found
2026-06-09 15:00:25,400 [INFO] News flag for PGY: ✅ news clear (score=0) — GoogleNews:1 articles(24h)
2026-06-09 15:00:26,059 [INFO] SCORE 5/6: PGY @ $15.28 — score=5/6 | $15.28 | ✅ vol 1.4x | ✅ price > SMA50 | ❌ no golden cross | ✅ RSI 56.9 | ✅ MACD ✅ | ✅ bullish pattern on 5m candles
2026-06-09 15:00:27,227 [INFO] News flag for PWP: ✅ news clear (score=0) — no news found
2026-06-09 15:00:28,943 [INFO] News flag for RLJ: ✅ news clear (score=0) — no news found
2026-06-09 15:00:29,696 [INFO] SCORE 4/6: RLJ @ $10.65 — score=4/6 | $10.65 | ✅ vol 1.7x | ✅ price > SMA50 | ✅ golden cross ✅ | ❌ RSI 79.1 | ✅ MACD ✅ | ❌ no bullish pattern on 5m, 15m, or daily candles
2026-06-09 15:00:30,868 [INFO] News flag for RWT: ✅ news clear (score=0) — no news found
2026-06-09 15:00:33,195 [INFO] News flag for SENS: ✅ news clear (score=0) — GoogleNews:2 articles(24h)
2026-06-09 15:00:33,766 [INFO] SCORE 5/6: SENS @ $7.37 — score=5/6 | $7.37 | ✅ vol 1.4x | ✅ price > SMA50 | ❌ no golden cross | ✅ RSI 65.0 | ✅ MACD ✅ | ✅ bullish pattern on 5m candles
2026-06-09 15:00:34,863 [INFO] News flag for SHMD: ✅ news clear (score=0) — GoogleNews:2 articles(24h)
2026-06-09 15:00:36,990 [INFO] News flag for SID: ✅ news clear (score=0) — no news found
2026-06-09 15:00:39,223 [INFO] News flag for SPCE: ✅ news clear (score=1) — Yahoo:2 articles | GoogleNews:6 articles(24h)
2026-06-09 15:00:41,627 [INFO] SCORE 4/6: SPCE @ $4.57 — score=4/6 | $4.57 | ✅ vol 2.1x | ✅ price > SMA50 | ❌ no golden cross | ✅ RSI 55.6 | ✅ MACD ✅ | ❌ no bullish pattern on 5m, 15m, or daily candles
2026-06-09 15:00:42,711 [INFO] News flag for STTK: ✅ news clear (score=0) — GoogleNews:2 articles(24h)
2026-06-09 15:00:44,274 [INFO] News flag for SUPV: ✅ news clear (score=0) — GoogleNews:1 articles(24h)
2026-06-09 15:00:44,932 [INFO] SCORE 4/6: SUPV @ $9.86 — score=4/6 | $9.86 | ✅ vol 2.1x | ✅ price > SMA50 | ❌ no golden cross | ✅ RSI 60.4 | ✅ MACD ✅ | ❌ no bullish pattern on 5m, 15m, or daily candles
2026-06-09 15:00:46,735 [INFO] News flag for SVC: ✅ news clear (score=0) — GoogleNews:1 articles(24h)
2026-06-09 15:00:48,930 [INFO] News flag for SVCO: ✅ news clear (score=0) — GoogleNews:2 articles(24h)
2026-06-09 15:00:49,568 [INFO] SCORE 6/6: SVCO @ $11.74 — score=6/6 | $11.74 | ✅ vol 2.3x | ✅ price > SMA50 | ✅ golden cross ✅ | ✅ RSI 59.6 | ✅ MACD ✅ | ✅ bullish pattern on 15m candles
2026-06-09 15:00:50,762 [INFO] News flag for TLRY: ✅ news clear (score=0) — Yahoo:1 articles | GoogleNews:1 articles(24h)
2026-06-09 15:00:52,826 [INFO] News flag for TLS: ✅ news clear (score=0) — no news found
2026-06-09 15:00:54,807 [INFO] News flag for TRIN: ✅ news clear (score=0) — no news found
2026-06-09 15:00:55,671 [INFO] SCORE 4/6: TRIN @ $17.02 — score=4/6 | $17.02 | ✅ vol 2.0x | ✅ price > SMA50 | ✅ golden cross ✅ | ✅ RSI 56.0 | ❌ MACD ❌ | ❌ no bullish pattern on 5m, 15m, or daily candles
2026-06-09 15:00:56,757 [INFO] News flag for VGZ: ✅ news clear (score=0) — GoogleNews:1 articles(24h)
2026-06-09 15:00:58,838 [INFO] News flag for VIA: ✅ news clear (score=1) — GoogleNews:8 articles(24h)
2026-06-09 15:01:01,040 [INFO] News flag for WGS: ⚠️ NEGATIVE NEWS FLAG (score=1) — ⚠️ Google News negative: 'lawsuit' | GoogleNews:4 articles(24h)
2026-06-09 15:01:01,791 [INFO] SCORE 4/6: WGS @ $54.72 — score=4/6 | $54.72 | ✅ vol 1.4x | ❌ price < SMA50 | ❌ no golden cross | ✅ RSI 55.3 | ✅ MACD ✅ | ✅ bullish pattern on daily candles
2026-06-09 15:01:02,932 [INFO] News flag for WLTH: ✅ news clear (score=0) — no news found
2026-06-09 15:01:04,891 [INFO] News flag for XHR: ✅ news clear (score=0) — no news found
2026-06-09 15:01:05,884 [INFO] SCORE 4/6: XHR @ $18.47 — score=4/6 | $18.47 | ✅ vol 1.9x | ✅ price > SMA50 | ✅ golden cross ✅ | ❌ RSI 73.4 | ✅ MACD ✅ | ❌ no bullish pattern on 5m, 15m, or daily candles
2026-06-09 15:01:06,991 [INFO] News flag for ZLAB: ✅ news clear (score=1) — GoogleNews:3 articles(24h)
2026-06-09 15:01:08,786 [INFO] News flag for ZVRA: ✅ news clear (score=4) — Yahoo:2 articles | GoogleNews:5 articles(24h)
2026-06-09 15:01:09,572 [INFO] SCORE 4/6: ZVRA @ $13.67 — score=4/6 | $13.67 | ✅ vol 5.2x | ✅ price > SMA50 | ✅ golden cross ✅ | ❌ RSI 70.9 | ✅ MACD ✅ | ❌ no bullish pattern on 5m, 15m, or daily candles
2026-06-09 15:01:10,828 [INFO] News flag for AAL: ✅ news clear (score=1) — Yahoo:2 articles | GoogleNews:3 articles(24h)
2026-06-09 15:01:11,372 [INFO] SCORE 4/6: AAL @ $14.15 — score=4/6 | $14.15 | ✅ vol 1.5x | ✅ price > SMA50 | ❌ no golden cross | ✅ RSI 59.8 | ❌ MACD ❌ | ✅ bullish pattern on 15m candles
2026-06-09 15:01:12,698 [INFO] News flag for ACLS: ✅ news clear (score=0) — GoogleNews:1 articles(24h)
2026-06-09 15:01:13,509 [INFO] SCORE 5/6: ACLS @ $172.04 — score=5/6 | $172.04 | ✅ vol 3.6x | ✅ price > SMA50 | ✅ golden cross ✅ | ✅ RSI 63.0 | ❌ MACD ❌ | ✅ bullish pattern on daily candles
2026-06-09 15:01:14,703 [INFO] News flag for ADEA: ✅ news clear (score=0) — GoogleNews:2 articles(24h)
2026-06-09 15:01:15,209 [INFO] SCORE 6/6: ADEA @ $31.42 — score=6/6 | $31.42 | ✅ vol 2.5x | ✅ price > SMA50 | ✅ golden cross ✅ | ✅ RSI 56.8 | ✅ MACD ✅ | ✅ bullish pattern on 5m candles
2026-06-09 15:01:16,663 [INFO] News flag for AEHR: ✅ news clear (score=0) — no news found
2026-06-09 15:01:17,381 [INFO] SCORE 4/6: AEHR @ $94.74 — score=4/6 | $94.74 | ✅ vol 1.4x | ✅ price > SMA50 | ✅ golden cross ✅ | ❌ RSI 49.5 | ❌ MACD ❌ | ✅ bullish pattern on 15m candles
2026-06-09 15:01:18,475 [INFO] News flag for ALH: ✅ news clear (score=0) — Yahoo:1 articles | GoogleNews:1 articles(24h)
2026-06-09 15:01:19,380 [INFO] SCORE 4/6: ALH @ $26.03 — score=4/6 | $26.03 | ✅ vol 2.7x | ✅ price > SMA50 | ❌ SMA200 N/A | ✅ RSI 63.6 | ✅ MACD ✅ | ❌ no bullish pattern on 5m, 15m, or daily candles
2026-06-09 15:01:20,549 [INFO] News flag for ALHC: ✅ news clear (score=0) — no news found
2026-06-09 15:01:22,961 [INFO] News flag for ALK: ✅ news clear (score=0) — Yahoo:1 articles | GoogleNews:1 articles(24h)
2026-06-09 15:01:23,686 [INFO] SCORE 5/6: ALK @ $44.13 — score=5/6 | $44.13 | ✅ vol 2.5x | ✅ price > SMA50 | ❌ no golden cross | ✅ RSI 57.4 | ✅ MACD ✅ | ✅ bullish pattern on 15m candles
2026-06-09 15:01:24,875 [INFO] News flag for ALKS: ✅ news clear (score=0) — no news found
2026-06-09 15:01:25,338 [INFO] SCORE 5/6: ALKS @ $43.37 — score=5/6 | $43.37 | ✅ vol 1.3x | ✅ price > SMA50 | ✅ golden cross ✅ | ❌ RSI 72.0 | ✅ MACD ✅ | ✅ bullish pattern on 5m candles
2026-06-09 15:01:26,584 [INFO] News flag for ALMS: ✅ news clear (score=0) — no news found
2026-06-09 15:01:28,571 [INFO] News flag for APAM: ✅ news clear (score=0) — GoogleNews:1 articles(24h)
2026-06-09 15:01:30,701 [INFO] News flag for ARE: ✅ news clear (score=1) — GoogleNews:64 articles(24h)
2026-06-09 15:01:31,566 [INFO] SCORE 4/6: ARE @ $52.82 — score=4/6 | $52.82 | ✅ vol 1.4x | ✅ price > SMA50 | ❌ no golden cross | ✅ RSI 61.6 | ✅ MACD ✅ | ❌ no bullish pattern on 5m, 15m, or daily candles
2026-06-09 15:01:32,878 [INFO] News flag for ARR: ⚠️ NEGATIVE NEWS FLAG (score=0) — ⚠️ Google News negative: 'lawsuit' | GoogleNews:2 articles(24h)
2026-06-09 15:01:33,701 [INFO] SCORE 5/6: ARR @ $17.08 — score=5/6 | $17.08 | ✅ vol 1.4x | ✅ price > SMA50 | ✅ golden cross ✅ | ✅ RSI 51.5 | ✅ MACD ✅ | ❌ no bullish pattern on 5m, 15m, or daily candles
2026-06-09 15:01:35,054 [INFO] News flag for ASB: ✅ news clear (score=0) — no news found
2026-06-09 15:01:35,764 [INFO] SCORE 6/6: ASB @ $28.38 — score=6/6 | $28.38 | ✅ vol 1.3x | ✅ price > SMA50 | ✅ golden cross ✅ | ✅ RSI 58.9 | ✅ MACD ✅ | ✅ bullish pattern on 5m candles
2026-06-09 15:01:36,964 [INFO] News flag for ASO: ✅ news clear (score=1) — Yahoo:5 articles | GoogleNews:11 articles(24h)
2026-06-09 15:01:37,583 [INFO] SCORE 5/6: ASO @ $53.01 — score=5/6 | $53.01 | ✅ vol 5.2x | ❌ price < SMA50 | ✅ golden cross ✅ | ✅ RSI 51.3 | ✅ MACD ✅ | ✅ bullish pattern on 5m candles
2026-06-09 15:01:39,325 [INFO] News flag for AVEX: ✅ news clear (score=0) — GoogleNews:2 articles(24h)
2026-06-09 15:01:40,763 [INFO] News flag for AVTR: ✅ news clear (score=0) — GoogleNews:1 articles(24h)
2026-06-09 15:01:41,242 [INFO] SCORE 4/6: AVTR @ $9.91 — score=4/6 | $9.91 | ✅ vol 1.4x | ✅ price > SMA50 | ❌ no golden cross | ❌ RSI 71.1 | ✅ MACD ✅ | ✅ bullish pattern on 5m candles
2026-06-09 15:01:42,365 [INFO] News flag for BVN: ✅ news clear (score=0) — Yahoo:1 articles | GoogleNews:2 articles(24h)
2026-06-09 15:01:44,559 [INFO] News flag for BYD: ✅ news clear (score=1) — Yahoo:1 articles | GoogleNews:7 articles(24h)
2026-06-09 15:01:45,301 [INFO] SCORE 5/6: BYD @ $87.31 — score=5/6 | $87.31 | ✅ vol 4.0x | ✅ price > SMA50 | ✅ golden cross ✅ | ✅ RSI 59.1 | ✅ MACD ✅ | ❌ no bullish pattern on 5m, 15m, or daily candles
2026-06-09 15:01:46,679 [INFO] News flag for CAKE: ✅ news clear (score=1) — GoogleNews:2 articles(24h)
2026-06-09 15:01:47,694 [INFO] SCORE 6/6: CAKE @ $68.62 — score=6/6 | $68.62 | ✅ vol 1.7x | ✅ price > SMA50 | ✅ golden cross ✅ | ✅ RSI 68.0 | ✅ MACD ✅ | ✅ bullish pattern on 15m candles
2026-06-09 15:01:49,321 [INFO] News flag for CALX: ✅ news clear (score=0) — no news found
2026-06-09 15:01:51,547 [INFO] News flag for CBSH: ✅ news clear (score=0) — GoogleNews:1 articles(24h)
2026-06-09 15:01:52,359 [INFO] SCORE 4/6: CBSH @ $54.31 — score=4/6 | $54.31 | ✅ vol 1.9x | ✅ price > SMA50 | ❌ no golden cross | ✅ RSI 68.1 | ✅ MACD ✅ | ❌ no bullish pattern on 5m, 15m, or daily candles
2026-06-09 15:01:53,741 [INFO] News flag for CECO: ✅ news clear (score=3) — Yahoo:1 articles | GoogleNews:7 articles(24h)
2026-06-09 15:01:54,646 [INFO] SCORE 4/6: CECO @ $87.04 — score=4/6 | $87.04 | ✅ vol 1.3x | ✅ price > SMA50 | ✅ golden cross ✅ | ✅ RSI 59.8 | ❌ MACD ❌ | ❌ no bullish pattern on 5m, 15m, or daily candles
2026-06-09 15:01:55,788 [INFO] News flag for CIG: ✅ news clear (score=0) — no news found
2026-06-09 15:01:58,099 [INFO] News flag for CLOV: ✅ news clear (score=0) — Yahoo:1 articles
2026-06-09 15:02:00,150 [INFO] News flag for CLSK: ✅ news clear (score=1) — Yahoo:1 articles | GoogleNews:4 articles(24h)
2026-06-09 15:02:00,631 [INFO] SCORE 5/6: CLSK @ $16.49 — score=5/6 | $16.49 | ✅ vol 1.4x | ✅ price > SMA50 | ✅ golden cross ✅ | ✅ RSI 56.6 | ❌ MACD ❌ | ✅ bullish pattern on 5m candles
2026-06-09 15:02:01,821 [INFO] News flag for CNK: ✅ news clear (score=1) — GoogleNews:5 articles(24h)
2026-06-09 15:02:02,509 [INFO] SCORE 5/6: CNK @ $32.32 — score=5/6 | $32.32 | ✅ vol 2.0x | ✅ price > SMA50 | ✅ golden cross ✅ | ❌ RSI 71.8 | ✅ MACD ✅ | ✅ bullish pattern on 15m candles
2026-06-09 15:02:03,792 [INFO] News flag for COLB: ✅ news clear (score=0) — Yahoo:2 articles | GoogleNews:1 articles(24h)
2026-06-09 15:02:04,801 [INFO] SCORE 5/6: COLB @ $30.26 — score=5/6 | $30.26 | ✅ vol 1.4x | ✅ price > SMA50 | ✅ golden cross ✅ | ✅ RSI 60.6 | ✅ MACD ✅ | ❌ no bullish pattern on 5m, 15m, or daily candles
2026-06-09 15:02:06,042 [INFO] News flag for CPB: ✅ news clear (score=1) — Yahoo:10 articles | GoogleNews:19 articles(24h)
2026-06-09 15:02:07,010 [INFO] SCORE 4/6: CPB @ $21.92 — score=4/6 | $21.92 | ✅ vol 1.8x | ✅ price > SMA50 | ❌ no golden cross | ✅ RSI 64.8 | ✅ MACD ✅ | ❌ no bullish pattern on 5m, 15m, or daily candles
2026-06-09 15:02:09,116 [INFO] News flag for CSAN: ✅ news clear (score=0) — no news found
2026-06-09 15:02:11,048 [INFO] News flag for CTOS: ✅ news clear (score=0) — GoogleNews:1 articles(24h)
2026-06-09 15:02:11,700 [INFO] SCORE 6/6: CTOS @ $10.44 — score=6/6 | $10.44 | ✅ vol 1.4x | ✅ price > SMA50 | ✅ golden cross ✅ | ✅ RSI 66.6 | ✅ MACD ✅ | ✅ bullish pattern on 5m candles
2026-06-09 15:02:12,830 [INFO] News flag for CTRE: ✅ news clear (score=0) — GoogleNews:1 articles(24h)
2026-06-09 15:02:14,625 [INFO] News flag for CUZ: ✅ news clear (score=0) — Yahoo:1 articles
2026-06-09 15:02:15,159 [INFO] SCORE 5/6: CUZ @ $29.08 — score=5/6 | $29.08 | ✅ vol 2.2x | ✅ price > SMA50 | ✅ golden cross ✅ | ❌ RSI 76.5 | ✅ MACD ✅ | ✅ bullish pattern on 5m candles
2026-06-09 15:02:16,381 [INFO] News flag for DUOL: ✅ news clear (score=1) — GoogleNews:4 articles(24h)
2026-06-09 15:02:17,197 [INFO] SCORE 5/6: DUOL @ $121.41 — score=5/6 | $121.41 | ✅ vol 1.9x | ✅ price > SMA50 | ❌ no golden cross | ✅ RSI 63.9 | ✅ MACD ✅ | ✅ bullish pattern on daily candles
2026-06-09 15:02:18,379 [INFO] News flag for EBC: ✅ news clear (score=0) — GoogleNews:2 articles(24h)
2026-06-09 15:02:19,050 [INFO] SCORE 5/6: EBC @ $20.76 — score=5/6 | $20.76 | ✅ vol 1.6x | ✅ price > SMA50 | ✅ golden cross ✅ | ✅ RSI 63.0 | ✅ MACD ✅ | ❌ no bullish pattern on 5m, 15m, or daily candles
2026-06-09 15:02:20,338 [INFO] News flag for ELF: ✅ news clear (score=1) — Yahoo:1 articles | GoogleNews:5 articles(24h)
2026-06-09 15:02:22,205 [INFO] News flag for ELVN: ✅ news clear (score=1) — Yahoo:1 articles | GoogleNews:2 articles(24h)
2026-06-09 15:02:24,101 [INFO] News flag for EXG: ✅ news clear (score=0) — no news found
2026-06-09 15:02:24,690 [INFO] SCORE 5/6: EXG @ $9.46 — score=5/6 | $9.46 | ✅ vol 1.7x | ✅ price > SMA50 | ✅ golden cross ✅ | ✅ RSI 54.2 | ❌ MACD ❌ | ✅ bullish pattern on 5m candles
2026-06-09 15:02:25,887 [INFO] News flag for FLNC: ✅ news clear (score=1) — Yahoo:1 articles | GoogleNews:5 articles(24h)
2026-06-09 15:02:26,571 [INFO] SCORE 5/6: FLNC @ $26.24 — score=5/6 | $26.24 | ✅ vol 2.5x | ✅ price > SMA50 | ❌ no golden cross | ✅ RSI 60.0 | ✅ MACD ✅ | ✅ bullish pattern on 5m candles
2026-06-09 15:02:28,174 [INFO] News flag for FND: ✅ news clear (score=0) — Yahoo:1 articles | GoogleNews:1 articles(24h)
2026-06-09 15:02:29,059 [INFO] SCORE 4/6: FND @ $49.78 — score=4/6 | $49.78 | ✅ vol 1.8x | ✅ price > SMA50 | ❌ no golden cross | ✅ RSI 52.1 | ✅ MACD ✅ | ❌ no bullish pattern on 5m, 15m, or daily candles
2026-06-09 15:02:30,205 [INFO] News flag for GBTG: ✅ news clear (score=0) — GoogleNews:2 articles(24h)
2026-06-09 15:02:32,458 [INFO] News flag for GDS: ✅ news clear (score=1) — Yahoo:2 articles | GoogleNews:4 articles(24h)
2026-06-09 15:02:34,550 [INFO] News flag for GEO: ✅ news clear (score=0) — GoogleNews:1 articles(24h)
2026-06-09 15:02:34,977 [INFO] SCORE 5/6: GEO @ $26.66 — score=5/6 | $26.66 | ✅ vol 1.4x | ✅ price > SMA50 | ✅ golden cross ✅ | ❌ RSI 78.6 | ✅ MACD ✅ | ✅ bullish pattern on 5m candles
2026-06-09 15:02:36,139 [INFO] News flag for GGAL: ✅ news clear (score=0) — no news found
2026-06-09 15:02:37,654 [INFO] SCORE 5/6: GGAL @ $49.97 — score=5/6 | $49.97 | ✅ vol 2.0x | ✅ price > SMA50 | ✅ golden cross ✅ | ✅ RSI 62.4 | ✅ MACD ✅ | ❌ no bullish pattern on 5m, 15m, or daily candles
2026-06-09 15:02:38,816 [INFO] News flag for GPCR: ✅ news clear (score=0) — no news found
2026-06-09 15:02:41,287 [INFO] SCORE 4/6: GPCR @ $40.23 — score=4/6 | $40.23 | ✅ vol 4.1x | ❌ price < SMA50 | ❌ no golden cross | ✅ RSI 50.3 | ✅ MACD ✅ | ✅ bullish pattern on daily candles
2026-06-09 15:02:42,562 [INFO] News flag for HAE: ✅ news clear (score=0) — GoogleNews:2 articles(24h)
2026-06-09 15:02:43,076 [INFO] SCORE 4/6: HAE @ $80.25 — score=4/6 | $80.25 | ✅ vol 2.1x | ✅ price > SMA50 | ❌ no golden cross | ❌ RSI 82.0 | ✅ MACD ✅ | ✅ bullish pattern on 5m candles
2026-06-09 15:02:44,354 [INFO] News flag for HIMS: ✅ news clear (score=2) — GoogleNews:3 articles(24h)
2026-06-09 15:02:45,304 [INFO] SCORE 4/6: HIMS @ $27.57 — score=4/6 | $27.57 | ✅ vol 1.5x | ✅ price > SMA50 | ❌ no golden cross | ✅ RSI 56.9 | ✅ MACD ✅ | ❌ no bullish pattern on 5m, 15m, or daily candles
2026-06-09 15:02:46,603 [INFO] News flag for IAG: ✅ news clear (score=0) — no news found
2026-06-09 15:02:48,793 [INFO] News flag for ICHR: ✅ news clear (score=0) — GoogleNews:1 articles(24h)
2026-06-09 15:02:50,048 [INFO] SCORE 5/6: ICHR @ $74.46 — score=5/6 | $74.46 | ✅ vol 1.6x | ✅ price > SMA50 | ✅ golden cross ✅ | ✅ RSI 56.6 | ❌ MACD ❌ | ✅ bullish pattern on daily candles
2026-06-09 15:02:51,205 [INFO] News flag for IVT: ✅ news clear (score=0) — no news found
2026-06-09 15:02:52,130 [INFO] SCORE 4/6: IVT @ $34.76 — score=4/6 | $34.76 | ✅ vol 2.3x | ✅ price > SMA50 | ✅ golden cross ✅ | ❌ RSI 72.0 | ✅ MACD ✅ | ❌ no bullish pattern on 5m, 15m, or daily candles
2026-06-09 15:02:53,328 [INFO] News flag for KC: ✅ news clear (score=0) — no news found
2026-06-09 15:02:55,338 [INFO] News flag for KEEL: ✅ news clear (score=1) — GoogleNews:9 articles(24h)
2026-06-09 15:02:56,211 [INFO] SCORE 4/6: KEEL @ $5.72 — score=4/6 | $5.72 | ✅ vol 3.7x | ✅ price > SMA50 | ✅ golden cross ✅ | ✅ RSI 64.2 | ❌ MACD ❌ | ❌ no bullish pattern on 5m, 15m, or daily candles
2026-06-09 15:02:57,359 [INFO] News flag for KNF: ✅ news clear (score=0) — GoogleNews:2 articles(24h)
2026-06-09 15:02:59,361 [INFO] News flag for KT: ✅ news clear (score=0) — no news found
2026-06-09 15:03:01,577 [INFO] News flag for LAZ: ✅ news clear (score=0) — Yahoo:2 articles
2026-06-09 15:03:02,824 [INFO] SCORE 4/6: LAZ @ $47.98 — score=4/6 | $47.98 | ✅ vol 2.3x | ✅ price > SMA50 | ❌ no golden cross | ✅ RSI 53.1 | ❌ MACD ❌ | ✅ bullish pattern on 15m candles
2026-06-09 15:03:04,260 [INFO] News flag for LC: ✅ news clear (score=1) — Yahoo:1 articles
2026-06-09 15:03:05,122 [INFO] SCORE 4/6: LC @ $17.56 — score=4/6 | $17.56 | ✅ vol 1.8x | ✅ price > SMA50 | ❌ no golden cross | ✅ RSI 56.5 | ✅ MACD ✅ | ❌ no bullish pattern on 5m, 15m, or daily candles
2026-06-09 15:03:06,846 [INFO] News flag for LCID: ✅ news clear (score=1) — Yahoo:1 articles | GoogleNews:11 articles(24h)
2026-06-09 15:03:08,599 [INFO] News flag for MARA: ✅ news clear (score=1) — Yahoo:3 articles | GoogleNews:6 articles(24h)
2026-06-09 15:03:09,282 [INFO] SCORE 4/6: MARA @ $13.72 — score=4/6 | $13.72 | ✅ vol 1.8x | ✅ price > SMA50 | ❌ no golden cross | ✅ RSI 54.7 | ❌ MACD ❌ | ✅ bullish pattern on 15m candles
2026-06-09 15:03:10,479 [INFO] News flag for MGNI: ✅ news clear (score=1) — Yahoo:1 articles | GoogleNews:1 articles(24h)
2026-06-09 15:03:12,075 [INFO] SCORE 5/6: MGNI @ $15.48 — score=5/6 | $15.48 | ✅ vol 1.5x | ✅ price > SMA50 | ❌ no golden cross | ✅ RSI 64.8 | ✅ MACD ✅ | ✅ bullish pattern on daily candles
2026-06-09 15:03:13,376 [INFO] News flag for MWH: ✅ news clear (score=0) — no news found
2026-06-09 15:03:15,562 [INFO] News flag for NSA: ✅ news clear (score=0) — no news found
2026-06-09 15:03:16,661 [INFO] SCORE 5/6: NSA @ $45.15 — score=5/6 | $45.15 | ✅ vol 1.4x | ✅ price > SMA50 | ✅ golden cross ✅ | ✅ RSI 66.9 | ✅ MACD ✅ | ❌ no bullish pattern on 5m, 15m, or daily candles
2026-06-09 15:03:17,833 [INFO] News flag for NUVL: ✅ news clear (score=3) — Yahoo:10 articles | GoogleNews:6 articles(24h)
2026-06-09 15:03:18,671 [INFO] SCORE 5/6: NUVL @ $122.88 — score=5/6 | $122.88 | ✅ vol 195.2x | ✅ price > SMA50 | ✅ golden cross ✅ | ✅ RSI 66.7 | ✅ MACD ✅ | ❌ no bullish pattern on 5m, 15m, or daily candles
2026-06-09 15:03:19,923 [INFO] News flag for OSW: ✅ news clear (score=0) — GoogleNews:2 articles(24h)
2026-06-09 15:03:20,776 [INFO] SCORE 5/6: OSW @ $24.47 — score=5/6 | $24.47 | ✅ vol 1.4x | ✅ price > SMA50 | ✅ golden cross ✅ | ✅ RSI 55.9 | ✅ MACD ✅ | ❌ no bullish pattern on 5m, 15m, or daily candles
2026-06-09 15:03:22,149 [INFO] News flag for PAY: ✅ news clear (score=0) — Yahoo:1 articles | GoogleNews:2 articles(24h)
2026-06-09 15:03:24,443 [INFO] News flag for PAYO: ✅ news clear (score=0) — Yahoo:1 articles | GoogleNews:1 articles(24h)
2026-06-09 15:03:26,452 [INFO] News flag for PDFS: ✅ news clear (score=0) — GoogleNews:2 articles(24h)
2026-06-09 15:03:27,368 [INFO] SCORE 5/6: PDFS @ $57.74 — score=5/6 | $57.74 | ✅ vol 1.8x | ✅ price > SMA50 | ✅ golden cross ✅ | ✅ RSI 65.4 | ✅ MACD ✅ | ❌ no bullish pattern on 5m, 15m, or daily candles
2026-06-09 15:03:28,486 [INFO] News flag for PK: ✅ news clear (score=0) — GoogleNews:1 articles(24h)
2026-06-09 15:03:29,508 [INFO] SCORE 4/6: PK @ $14.19 — score=4/6 | $14.19 | ✅ vol 3.6x | ✅ price > SMA50 | ✅ golden cross ✅ | ❌ RSI 84.9 | ✅ MACD ✅ | ❌ no bullish pattern on 5m, 15m, or daily candles
2026-06-09 15:03:30,762 [INFO] News flag for POOL: ✅ news clear (score=2) — Yahoo:7 articles | GoogleNews:4 articles(24h)
2026-06-09 15:03:31,575 [INFO] SCORE 4/6: POOL @ $191.98 — score=4/6 | $191.98 | ✅ vol 1.5x | ❌ price < SMA50 | ❌ no golden cross | ✅ RSI 54.4 | ✅ MACD ✅ | ✅ bullish pattern on 15m candles
2026-06-09 15:03:32,809 [INFO] News flag for PTCT: ✅ news clear (score=1) — Yahoo:1 articles
2026-06-09 15:03:33,336 [INFO] SCORE 6/6: PTCT @ $72.55 — score=6/6 | $72.55 | ✅ vol 1.5x | ✅ price > SMA50 | ✅ golden cross ✅ | ✅ RSI 55.3 | ✅ MACD ✅ | ✅ bullish pattern on 5m candles
2026-06-09 15:03:34,500 [INFO] News flag for PWRL: ✅ news clear (score=0) — GoogleNews:2 articles(24h)
2026-06-09 15:03:35,919 [INFO] News flag for RELY: ✅ news clear (score=0) — GoogleNews:1 articles(24h)
